In clock cycle: 3
Register Write to Reg: 0x05 Val: 0x10010000
In clock cycle: 6
Register Write to Reg: 0x05 Val: 0x10010000
In clock cycle: 7
Register Write to Reg: 0x06 Val: 0x10010008
In clock cycle: 10
Register Write to Reg: 0x06 Val: 0x10010004
In clock cycle: 11
Register Write to Reg: 0x07 Val: 0x00400010
In clock cycle: 14
Register Write to Reg: 0x07 Val: 0x0040001C
In clock cycle: 17
Register Write to Reg: 0x01 Val: 0x0040001C
In clock cycle: 20
Memory Write to Addr: 0x10010000 Val: 0x10010000
In clock cycle: 22
Register Write to Reg: 0x01 Val: 0x00400028
In clock cycle: 25
Register Write to Reg: 0x00 Val: 0x00400028
In clock cycle: 28
Memory Write to Addr: 0x10010004 Val: 0x00400028
Execution is stopping! Clock Cycle: 30
