In clock cycle: 3
Register Write to Reg: 0x02 Val: 0x7FFFF000
In clock cycle: 6
Register Write to Reg: 0x02 Val: 0x7FFFEFFC
In clock cycle: 9
Register Write to Reg: 0x0A Val: 0x10010008
In clock cycle: 12
Register Write to Reg: 0x0A Val: 0x10010000
In clock cycle: 13
Register Write to Reg: 0x0B Val: 0x00000000
In clock cycle: 14
Register Write to Reg: 0x0C Val: 0x10010014
In clock cycle: 17
Register Write to Reg: 0x0C Val: 0x00000005
In clock cycle: 20
Register Write to Reg: 0x0C Val: 0x00000004
In clock cycle: 23
Register Write to Reg: 0x01 Val: 0x00400024
In clock cycle: 27
Register Write to Reg: 0x02 Val: 0x7FFFEFE4
In clock cycle: 29
Memory Write to Addr: 0x7FFFEFE4 Val: 0x10010000
In clock cycle: 30
Memory Write to Addr: 0x7FFFEFE8 Val: 0x00000000
In clock cycle: 31
Memory Write to Addr: 0x7FFFEFEC Val: 0x00000004
In clock cycle: 32
Memory Write to Addr: 0x7FFFEFF4 Val: 0x00000000
In clock cycle: 33
Memory Write to Addr: 0x7FFFEFF8 Val: 0x00400024
In clock cycle: 35
Register Write to Reg: 0x08 Val: 0x7FFFEFE4
In clock cycle: 38
Register Write to Reg: 0x05 Val: 0x00000000
In clock cycle: 39
Register Write to Reg: 0x06 Val: 0x00000004
In clock cycle: 43
Register Write to Reg: 0x07 Val: 0x00000004
In clock cycle: 46
Register Write to Reg: 0x07 Val: 0x00000002
In clock cycle: 48
Memory Write to Addr: 0x7FFFEFF0 Val: 0x00000002
In clock cycle: 50
Register Write to Reg: 0x0A Val: 0x10010000
In clock cycle: 51
Register Write to Reg: 0x0B Val: 0x00000000
In clock cycle: 52
Register Write to Reg: 0x0C Val: 0x00000002
In clock cycle: 53
Register Write to Reg: 0x01 Val: 0x00400070
In clock cycle: 57
Register Write to Reg: 0x02 Val: 0x7FFFEFCC
In clock cycle: 59
Memory Write to Addr: 0x7FFFEFCC Val: 0x10010000
In clock cycle: 60
Memory Write to Addr: 0x7FFFEFD0 Val: 0x00000000
In clock cycle: 61
Memory Write to Addr: 0x7FFFEFD4 Val: 0x00000002
In clock cycle: 62
Memory Write to Addr: 0x7FFFEFDC Val: 0x7FFFEFE4
In clock cycle: 63
Memory Write to Addr: 0x7FFFEFE0 Val: 0x00400070
In clock cycle: 65
Register Write to Reg: 0x08 Val: 0x7FFFEFCC
In clock cycle: 68
Register Write to Reg: 0x05 Val: 0x00000000
In clock cycle: 69
Register Write to Reg: 0x06 Val: 0x00000002
In clock cycle: 73
Register Write to Reg: 0x07 Val: 0x00000002
In clock cycle: 76
Register Write to Reg: 0x07 Val: 0x00000001
In clock cycle: 78
Memory Write to Addr: 0x7FFFEFD8 Val: 0x00000001
In clock cycle: 80
Register Write to Reg: 0x0A Val: 0x10010000
In clock cycle: 81
Register Write to Reg: 0x0B Val: 0x00000000
In clock cycle: 82
Register Write to Reg: 0x0C Val: 0x00000001
In clock cycle: 83
Register Write to Reg: 0x01 Val: 0x00400070
In clock cycle: 87
Register Write to Reg: 0x02 Val: 0x7FFFEFB4
In clock cycle: 89
Memory Write to Addr: 0x7FFFEFB4 Val: 0x10010000
In clock cycle: 90
Memory Write to Addr: 0x7FFFEFB8 Val: 0x00000000
In clock cycle: 91
Memory Write to Addr: 0x7FFFEFBC Val: 0x00000001
In clock cycle: 92
Memory Write to Addr: 0x7FFFEFC4 Val: 0x7FFFEFCC
In clock cycle: 93
Memory Write to Addr: 0x7FFFEFC8 Val: 0x00400070
In clock cycle: 95
Register Write to Reg: 0x08 Val: 0x7FFFEFB4
In clock cycle: 98
Register Write to Reg: 0x05 Val: 0x00000000
In clock cycle: 99
Register Write to Reg: 0x06 Val: 0x00000001
In clock cycle: 103
Register Write to Reg: 0x07 Val: 0x00000001
In clock cycle: 106
Register Write to Reg: 0x07 Val: 0x00000000
In clock cycle: 108
Memory Write to Addr: 0x7FFFEFC0 Val: 0x00000000
In clock cycle: 110
Register Write to Reg: 0x0A Val: 0x10010000
In clock cycle: 111
Register Write to Reg: 0x0B Val: 0x00000000
In clock cycle: 112
Register Write to Reg: 0x0C Val: 0x00000000
In clock cycle: 113
Register Write to Reg: 0x01 Val: 0x00400070
In clock cycle: 117
Register Write to Reg: 0x02 Val: 0x7FFFEF9C
In clock cycle: 119
Memory Write to Addr: 0x7FFFEF9C Val: 0x10010000
In clock cycle: 120
Memory Write to Addr: 0x7FFFEFA0 Val: 0x00000000
In clock cycle: 121
Memory Write to Addr: 0x7FFFEFA4 Val: 0x00000000
In clock cycle: 122
Memory Write to Addr: 0x7FFFEFAC Val: 0x7FFFEFB4
In clock cycle: 123
Memory Write to Addr: 0x7FFFEFB0 Val: 0x00400070
In clock cycle: 125
Register Write to Reg: 0x08 Val: 0x7FFFEF9C
In clock cycle: 128
Register Write to Reg: 0x05 Val: 0x00000000
In clock cycle: 129
Register Write to Reg: 0x06 Val: 0x00000000
In clock cycle: 136
Register Write to Reg: 0x01 Val: 0x00400070
In clock cycle: 137
Register Write to Reg: 0x08 Val: 0x7FFFEFB4
In clock cycle: 138
Register Write to Reg: 0x02 Val: 0x7FFFEFB4
In clock cycle: 139
Register Write to Reg: 0x00 Val: 0x004000AC
In clock cycle: 143
Register Write to Reg: 0x07 Val: 0x00000000
In clock cycle: 146
Register Write to Reg: 0x07 Val: 0x00000001
In clock cycle: 147
Register Write to Reg: 0x0A Val: 0x10010000
In clock cycle: 149
Register Write to Reg: 0x0B Val: 0x00000001
In clock cycle: 150
Register Write to Reg: 0x0C Val: 0x00000001
In clock cycle: 151
Register Write to Reg: 0x01 Val: 0x00400088
In clock cycle: 155
Register Write to Reg: 0x02 Val: 0x7FFFEF9C
In clock cycle: 157
Memory Write to Addr: 0x7FFFEF9C Val: 0x10010000
In clock cycle: 158
Memory Write to Addr: 0x7FFFEFA0 Val: 0x00000001
In clock cycle: 159
Memory Write to Addr: 0x7FFFEFA4 Val: 0x00000001
In clock cycle: 160
Memory Write to Addr: 0x7FFFEFAC Val: 0x7FFFEFB4
In clock cycle: 161
Memory Write to Addr: 0x7FFFEFB0 Val: 0x00400088
In clock cycle: 163
Register Write to Reg: 0x08 Val: 0x7FFFEF9C
In clock cycle: 166
Register Write to Reg: 0x05 Val: 0x00000001
In clock cycle: 167
Register Write to Reg: 0x06 Val: 0x00000001
In clock cycle: 174
Register Write to Reg: 0x01 Val: 0x00400088
In clock cycle: 175
Register Write to Reg: 0x08 Val: 0x7FFFEFB4
In clock cycle: 176
Register Write to Reg: 0x02 Val: 0x7FFFEFB4
In clock cycle: 177
Register Write to Reg: 0x00 Val: 0x004000AC
In clock cycle: 181
Register Write to Reg: 0x0A Val: 0x10010000
In clock cycle: 182
Register Write to Reg: 0x0B Val: 0x00000000
In clock cycle: 183
Register Write to Reg: 0x0C Val: 0x00000000
In clock cycle: 184
Register Write to Reg: 0x0D Val: 0x00000001
In clock cycle: 185
Register Write to Reg: 0x01 Val: 0x0040009C
In clock cycle: 189
Register Write to Reg: 0x02 Val: 0x7FFFEF88
In clock cycle: 191
Memory Write to Addr: 0x7FFFEF88 Val: 0x10010000
In clock cycle: 192
Memory Write to Addr: 0x7FFFEF8C Val: 0x00000000
In clock cycle: 193
Memory Write to Addr: 0x7FFFEF90 Val: 0x00000000
In clock cycle: 194
Memory Write to Addr: 0x7FFFEF94 Val: 0x00000001
In clock cycle: 195
Memory Write to Addr: 0x7FFFEFA0 Val: 0x7FFFEFB4
In clock cycle: 196
Memory Write to Addr: 0x7FFFEFA4 Val: 0x0040009C
In clock cycle: 197
Memory Write to Addr: 0x7FFFEFA8 Val: 0x00000000
In clock cycle: 198
Memory Write to Addr: 0x7FFFEFAC Val: 0x00000000
In clock cycle: 199
Memory Write to Addr: 0x7FFFEFB0 Val: 0x00000000
In clock cycle: 201
Register Write to Reg: 0x08 Val: 0x7FFFEF88
In clock cycle: 204
Register Write to Reg: 0x05 Val: 0x00000000
In clock cycle: 205
Register Write to Reg: 0x06 Val: 0x00000000
In clock cycle: 208
Register Write to Reg: 0x07 Val: 0x00000000
In clock cycle: 211
Register Write to Reg: 0x07 Val: 0x00000001
In clock cycle: 213
Memory Write to Addr: 0x7FFFEF98 Val: 0x00000001
In clock cycle: 215
Register Write to Reg: 0x1C Val: 0x00000001
In clock cycle: 216
Register Write to Reg: 0x05 Val: 0x00000000
In clock cycle: 219
Register Write to Reg: 0x1D Val: 0x00000001
In clock cycle: 221
Memory Write to Addr: 0x7FFFEF9C Val: 0x00000001
In clock cycle: 223
Register Write to Reg: 0x07 Val: 0x00000001
In clock cycle: 224
Register Write to Reg: 0x1D Val: 0x00000001
In clock cycle: 227
Register Write to Reg: 0x1E Val: 0x00000002
In clock cycle: 230
Register Write to Reg: 0x1F Val: 0x00000008
In clock cycle: 233
Register Write to Reg: 0x02 Val: 0x7FFFEF80
In clock cycle: 236
Register Write to Reg: 0x09 Val: 0x7FFFEF80
In clock cycle: 237
Register Write to Reg: 0x05 Val: 0x00000004
In clock cycle: 240
Register Write to Reg: 0x12 Val: 0x7FFFEF84
In clock cycle: 241
Register Write to Reg: 0x13 Val: 0x00000000
In clock cycle: 242
Register Write to Reg: 0x05 Val: 0x10010000
In clock cycle: 243
Register Write to Reg: 0x06 Val: 0x00000000
In clock cycle: 246
Register Write to Reg: 0x1C Val: 0x00000000
In clock cycle: 249
Register Write to Reg: 0x1C Val: 0x00000000
In clock cycle: 252
Register Write to Reg: 0x1D Val: 0x10010000
In clock cycle: 255
Register Write to Reg: 0x1E Val: 0x00000026
In clock cycle: 256
Register Write to Reg: 0x1F Val: 0x00000000
In clock cycle: 259
Register Write to Reg: 0x1D Val: 0x7FFFEF80
In clock cycle: 261
Memory Write to Addr: 0x7FFFEF80 Val: 0x00000026
In clock cycle: 263
Register Write to Reg: 0x13 Val: 0x00000001
In clock cycle: 264
Register Write to Reg: 0x00 Val: 0x00400150
In clock cycle: 272
Register Write to Reg: 0x13 Val: 0x00000000
In clock cycle: 273
Register Write to Reg: 0x05 Val: 0x10010000
In clock cycle: 274
Register Write to Reg: 0x06 Val: 0x00000000
In clock cycle: 277
Register Write to Reg: 0x06 Val: 0x00000001
In clock cycle: 278
Register Write to Reg: 0x1D Val: 0x00000001
In clock cycle: 282
Register Write to Reg: 0x1C Val: 0x00000001
In clock cycle: 285
Register Write to Reg: 0x1C Val: 0x00000004
In clock cycle: 288
Register Write to Reg: 0x1E Val: 0x10010004
In clock cycle: 291
Register Write to Reg: 0x1F Val: 0x0000001B
In clock cycle: 292
Register Write to Reg: 0x1C Val: 0x00000000
In clock cycle: 295
Register Write to Reg: 0x1E Val: 0x7FFFEF84
In clock cycle: 297
Memory Write to Addr: 0x7FFFEF84 Val: 0x0000001B
In clock cycle: 299
Register Write to Reg: 0x13 Val: 0x00000001
In clock cycle: 300
Register Write to Reg: 0x00 Val: 0x0040018C
In clock cycle: 308
Register Write to Reg: 0x1D Val: 0x00000000
In clock cycle: 309
Register Write to Reg: 0x1E Val: 0x00000000
In clock cycle: 310
Register Write to Reg: 0x1F Val: 0x00000000
In clock cycle: 311
Register Write to Reg: 0x05 Val: 0x10010000
In clock cycle: 312
Register Write to Reg: 0x07 Val: 0x00000001
In clock cycle: 313
Register Write to Reg: 0x1C Val: 0x00000001
In clock cycle: 317
Register Write to Reg: 0x0E Val: 0x00000000
In clock cycle: 320
Register Write to Reg: 0x0E Val: 0x7FFFEF80
In clock cycle: 323
Register Write to Reg: 0x0E Val: 0x00000026
In clock cycle: 324
Register Write to Reg: 0x0F Val: 0x00000000
In clock cycle: 327
Register Write to Reg: 0x0F Val: 0x7FFFEF84
In clock cycle: 330
Register Write to Reg: 0x0F Val: 0x0000001B
In clock cycle: 334
Register Write to Reg: 0x0A Val: 0x00000000
In clock cycle: 337
Register Write to Reg: 0x0A Val: 0x10010000
In clock cycle: 339
Memory Write to Addr: 0x10010000 Val: 0x0000001B
In clock cycle: 341
Register Write to Reg: 0x1E Val: 0x00000001
In clock cycle: 342
Register Write to Reg: 0x1F Val: 0x00000001
In clock cycle: 345
Register Write to Reg: 0x00 Val: 0x004001E0
In clock cycle: 355
Register Write to Reg: 0x0E Val: 0x00000000
In clock cycle: 358
Register Write to Reg: 0x0E Val: 0x7FFFEF80
In clock cycle: 361
Register Write to Reg: 0x0E Val: 0x00000026
In clock cycle: 362
Register Write to Reg: 0x0A Val: 0x00000004
In clock cycle: 365
Register Write to Reg: 0x0A Val: 0x10010004
In clock cycle: 367
Memory Write to Addr: 0x10010004 Val: 0x00000026
In clock cycle: 369
Register Write to Reg: 0x1D Val: 0x00000001
In clock cycle: 370
Register Write to Reg: 0x1F Val: 0x00000002
In clock cycle: 373
Register Write to Reg: 0x00 Val: 0x00400220
In clock cycle: 381
Register Write to Reg: 0x07 Val: 0x00000001
In clock cycle: 382
Register Write to Reg: 0x1C Val: 0x00000001
In clock cycle: 385
Register Write to Reg: 0x1E Val: 0x00000002
In clock cycle: 388
Register Write to Reg: 0x1F Val: 0x00000008
In clock cycle: 391
Register Write to Reg: 0x02 Val: 0x7FFFEF88
In clock cycle: 392
Register Write to Reg: 0x01 Val: 0x0040009C
In clock cycle: 393
Register Write to Reg: 0x08 Val: 0x7FFFEFB4
In clock cycle: 394
Register Write to Reg: 0x02 Val: 0x7FFFEFA0
In clock cycle: 395
Register Write to Reg: 0x00 Val: 0x0040026C
In clock cycle: 399
Register Write to Reg: 0x01 Val: 0x00400070
In clock cycle: 400
Register Write to Reg: 0x08 Val: 0x7FFFEFCC
In clock cycle: 401
Register Write to Reg: 0x02 Val: 0x7FFFEFB8
In clock cycle: 402
Register Write to Reg: 0x00 Val: 0x004000AC
In clock cycle: 406
Register Write to Reg: 0x07 Val: 0x00000001
In clock cycle: 409
Register Write to Reg: 0x07 Val: 0x00000002
In clock cycle: 410
Register Write to Reg: 0x0A Val: 0x10010000
In clock cycle: 412
Register Write to Reg: 0x0B Val: 0x00000002
In clock cycle: 413
Register Write to Reg: 0x0C Val: 0x00000002
In clock cycle: 414
Register Write to Reg: 0x01 Val: 0x00400088
In clock cycle: 418
Register Write to Reg: 0x02 Val: 0x7FFFEFA0
In clock cycle: 420
Memory Write to Addr: 0x7FFFEFA0 Val: 0x10010000
In clock cycle: 421
Memory Write to Addr: 0x7FFFEFA4 Val: 0x00000002
In clock cycle: 422
Memory Write to Addr: 0x7FFFEFA8 Val: 0x00000002
In clock cycle: 423
Memory Write to Addr: 0x7FFFEFB0 Val: 0x7FFFEFCC
In clock cycle: 424
Memory Write to Addr: 0x7FFFEFB4 Val: 0x00400088
In clock cycle: 426
Register Write to Reg: 0x08 Val: 0x7FFFEFA0
In clock cycle: 429
Register Write to Reg: 0x05 Val: 0x00000002
In clock cycle: 430
Register Write to Reg: 0x06 Val: 0x00000002
In clock cycle: 437
Register Write to Reg: 0x01 Val: 0x00400088
In clock cycle: 438
Register Write to Reg: 0x08 Val: 0x7FFFEFCC
In clock cycle: 439
Register Write to Reg: 0x02 Val: 0x7FFFEFB8
In clock cycle: 440
Register Write to Reg: 0x00 Val: 0x004000AC
In clock cycle: 444
Register Write to Reg: 0x0A Val: 0x10010000
In clock cycle: 445
Register Write to Reg: 0x0B Val: 0x00000000
In clock cycle: 446
Register Write to Reg: 0x0C Val: 0x00000001
In clock cycle: 447
Register Write to Reg: 0x0D Val: 0x00000002
In clock cycle: 448
Register Write to Reg: 0x01 Val: 0x0040009C
In clock cycle: 452
Register Write to Reg: 0x02 Val: 0x7FFFEF8C
In clock cycle: 454
Memory Write to Addr: 0x7FFFEF8C Val: 0x10010000
In clock cycle: 455
Memory Write to Addr: 0x7FFFEF90 Val: 0x00000000
In clock cycle: 456
Memory Write to Addr: 0x7FFFEF94 Val: 0x00000001
In clock cycle: 457
Memory Write to Addr: 0x7FFFEF98 Val: 0x00000002
In clock cycle: 458
Memory Write to Addr: 0x7FFFEFA4 Val: 0x7FFFEFCC
In clock cycle: 459
Memory Write to Addr: 0x7FFFEFA8 Val: 0x0040009C
In clock cycle: 460
Memory Write to Addr: 0x7FFFEFAC Val: 0x7FFFEF80
In clock cycle: 461
Memory Write to Addr: 0x7FFFEFB0 Val: 0x7FFFEF84
In clock cycle: 462
Memory Write to Addr: 0x7FFFEFB4 Val: 0x00000001
In clock cycle: 464
Register Write to Reg: 0x08 Val: 0x7FFFEF8C
In clock cycle: 467
Register Write to Reg: 0x05 Val: 0x00000001
In clock cycle: 468
Register Write to Reg: 0x06 Val: 0x00000000
In clock cycle: 471
Register Write to Reg: 0x07 Val: 0x00000001
In clock cycle: 474
Register Write to Reg: 0x07 Val: 0x00000002
In clock cycle: 476
Memory Write to Addr: 0x7FFFEF9C Val: 0x00000002
In clock cycle: 478
Register Write to Reg: 0x1C Val: 0x00000002
In clock cycle: 479
Register Write to Reg: 0x05 Val: 0x00000001
In clock cycle: 482
Register Write to Reg: 0x1D Val: 0x00000001
In clock cycle: 484
Memory Write to Addr: 0x7FFFEFA0 Val: 0x00000001
In clock cycle: 486
Register Write to Reg: 0x07 Val: 0x00000002
In clock cycle: 487
Register Write to Reg: 0x1D Val: 0x00000001
In clock cycle: 490
Register Write to Reg: 0x1E Val: 0x00000003
In clock cycle: 493
Register Write to Reg: 0x1F Val: 0x0000000C
In clock cycle: 496
Register Write to Reg: 0x02 Val: 0x7FFFEF80
In clock cycle: 499
Register Write to Reg: 0x09 Val: 0x7FFFEF80
In clock cycle: 500
Register Write to Reg: 0x05 Val: 0x00000008
In clock cycle: 503
Register Write to Reg: 0x12 Val: 0x7FFFEF88
In clock cycle: 504
Register Write to Reg: 0x13 Val: 0x00000000
In clock cycle: 505
Register Write to Reg: 0x05 Val: 0x10010000
In clock cycle: 506
Register Write to Reg: 0x06 Val: 0x00000000
In clock cycle: 509
Register Write to Reg: 0x1C Val: 0x00000000
In clock cycle: 512
Register Write to Reg: 0x1C Val: 0x00000000
In clock cycle: 515
Register Write to Reg: 0x1D Val: 0x10010000
In clock cycle: 518
Register Write to Reg: 0x1E Val: 0x0000001B
In clock cycle: 519
Register Write to Reg: 0x1F Val: 0x00000000
In clock cycle: 522
Register Write to Reg: 0x1D Val: 0x7FFFEF80
In clock cycle: 524
Memory Write to Addr: 0x7FFFEF80 Val: 0x0000001B
In clock cycle: 526
Register Write to Reg: 0x13 Val: 0x00000001
In clock cycle: 527
Register Write to Reg: 0x00 Val: 0x00400150
In clock cycle: 532
Register Write to Reg: 0x1C Val: 0x00000001
In clock cycle: 535
Register Write to Reg: 0x1C Val: 0x00000004
In clock cycle: 538
Register Write to Reg: 0x1D Val: 0x10010004
In clock cycle: 541
Register Write to Reg: 0x1E Val: 0x00000026
In clock cycle: 542
Register Write to Reg: 0x1F Val: 0x00000004
In clock cycle: 545
Register Write to Reg: 0x1D Val: 0x7FFFEF84
In clock cycle: 547
Memory Write to Addr: 0x7FFFEF84 Val: 0x00000026
In clock cycle: 549
Register Write to Reg: 0x13 Val: 0x00000002
In clock cycle: 550
Register Write to Reg: 0x00 Val: 0x00400150
In clock cycle: 558
Register Write to Reg: 0x13 Val: 0x00000000
In clock cycle: 559
Register Write to Reg: 0x05 Val: 0x10010000
In clock cycle: 560
Register Write to Reg: 0x06 Val: 0x00000001
In clock cycle: 563
Register Write to Reg: 0x06 Val: 0x00000002
In clock cycle: 564
Register Write to Reg: 0x1D Val: 0x00000001
In clock cycle: 568
Register Write to Reg: 0x1C Val: 0x00000002
In clock cycle: 571
Register Write to Reg: 0x1C Val: 0x00000008
In clock cycle: 574
Register Write to Reg: 0x1E Val: 0x10010008
In clock cycle: 577
Register Write to Reg: 0x1F Val: 0x0000002B
In clock cycle: 578
Register Write to Reg: 0x1C Val: 0x00000000
In clock cycle: 581
Register Write to Reg: 0x1E Val: 0x7FFFEF88
In clock cycle: 583
Memory Write to Addr: 0x7FFFEF88 Val: 0x0000002B
In clock cycle: 585
Register Write to Reg: 0x13 Val: 0x00000001
In clock cycle: 586
Register Write to Reg: 0x00 Val: 0x0040018C
In clock cycle: 594
Register Write to Reg: 0x1D Val: 0x00000000
In clock cycle: 595
Register Write to Reg: 0x1E Val: 0x00000000
In clock cycle: 596
Register Write to Reg: 0x1F Val: 0x00000000
In clock cycle: 597
Register Write to Reg: 0x05 Val: 0x10010000
In clock cycle: 598
Register Write to Reg: 0x07 Val: 0x00000002
In clock cycle: 599
Register Write to Reg: 0x1C Val: 0x00000001
In clock cycle: 603
Register Write to Reg: 0x0E Val: 0x00000000
In clock cycle: 606
Register Write to Reg: 0x0E Val: 0x7FFFEF80
In clock cycle: 609
Register Write to Reg: 0x0E Val: 0x0000001B
In clock cycle: 610
Register Write to Reg: 0x0F Val: 0x00000000
In clock cycle: 613
Register Write to Reg: 0x0F Val: 0x7FFFEF88
In clock cycle: 616
Register Write to Reg: 0x0F Val: 0x0000002B
In clock cycle: 623
Register Write to Reg: 0x0A Val: 0x00000000
In clock cycle: 626
Register Write to Reg: 0x0A Val: 0x10010000
In clock cycle: 628
Memory Write to Addr: 0x10010000 Val: 0x0000001B
In clock cycle: 630
Register Write to Reg: 0x1D Val: 0x00000001
In clock cycle: 631
Register Write to Reg: 0x1F Val: 0x00000001
In clock cycle: 634
Register Write to Reg: 0x00 Val: 0x004001F8
In clock cycle: 640
Register Write to Reg: 0x0E Val: 0x00000004
In clock cycle: 643
Register Write to Reg: 0x0E Val: 0x7FFFEF84
In clock cycle: 646
Register Write to Reg: 0x0E Val: 0x00000026
In clock cycle: 647
Register Write to Reg: 0x0F Val: 0x00000000
In clock cycle: 650
Register Write to Reg: 0x0F Val: 0x7FFFEF88
In clock cycle: 653
Register Write to Reg: 0x0F Val: 0x0000002B
In clock cycle: 660
Register Write to Reg: 0x0A Val: 0x00000004
In clock cycle: 663
Register Write to Reg: 0x0A Val: 0x10010004
In clock cycle: 665
Memory Write to Addr: 0x10010004 Val: 0x00000026
In clock cycle: 667
Register Write to Reg: 0x1D Val: 0x00000002
In clock cycle: 668
Register Write to Reg: 0x1F Val: 0x00000002
In clock cycle: 671
Register Write to Reg: 0x00 Val: 0x004001F8
In clock cycle: 680
Register Write to Reg: 0x0F Val: 0x00000000
In clock cycle: 683
Register Write to Reg: 0x0F Val: 0x7FFFEF88
In clock cycle: 686
Register Write to Reg: 0x0F Val: 0x0000002B
In clock cycle: 687
Register Write to Reg: 0x0A Val: 0x00000008
In clock cycle: 690
Register Write to Reg: 0x0A Val: 0x10010008
In clock cycle: 692
Memory Write to Addr: 0x10010008 Val: 0x0000002B
In clock cycle: 694
Register Write to Reg: 0x1E Val: 0x00000001
In clock cycle: 695
Register Write to Reg: 0x1F Val: 0x00000003
In clock cycle: 698
Register Write to Reg: 0x00 Val: 0x00400248
In clock cycle: 706
Register Write to Reg: 0x07 Val: 0x00000002
In clock cycle: 707
Register Write to Reg: 0x1C Val: 0x00000001
In clock cycle: 710
Register Write to Reg: 0x1E Val: 0x00000003
In clock cycle: 713
Register Write to Reg: 0x1F Val: 0x0000000C
In clock cycle: 716
Register Write to Reg: 0x02 Val: 0x7FFFEF8C
In clock cycle: 717
Register Write to Reg: 0x01 Val: 0x0040009C
In clock cycle: 718
Register Write to Reg: 0x08 Val: 0x7FFFEFCC
In clock cycle: 719
Register Write to Reg: 0x02 Val: 0x7FFFEFA4
In clock cycle: 720
Register Write to Reg: 0x00 Val: 0x0040026C
In clock cycle: 724
Register Write to Reg: 0x01 Val: 0x00400070
In clock cycle: 725
Register Write to Reg: 0x08 Val: 0x7FFFEFE4
In clock cycle: 726
Register Write to Reg: 0x02 Val: 0x7FFFEFBC
In clock cycle: 727
Register Write to Reg: 0x00 Val: 0x004000AC
In clock cycle: 731
Register Write to Reg: 0x07 Val: 0x00000002
In clock cycle: 734
Register Write to Reg: 0x07 Val: 0x00000003
In clock cycle: 735
Register Write to Reg: 0x0A Val: 0x10010000
In clock cycle: 737
Register Write to Reg: 0x0B Val: 0x00000003
In clock cycle: 738
Register Write to Reg: 0x0C Val: 0x00000004
In clock cycle: 739
Register Write to Reg: 0x01 Val: 0x00400088
In clock cycle: 743
Register Write to Reg: 0x02 Val: 0x7FFFEFA4
In clock cycle: 745
Memory Write to Addr: 0x7FFFEFA4 Val: 0x10010000
In clock cycle: 746
Memory Write to Addr: 0x7FFFEFA8 Val: 0x00000003
In clock cycle: 747
Memory Write to Addr: 0x7FFFEFAC Val: 0x00000004
In clock cycle: 748
Memory Write to Addr: 0x7FFFEFB4 Val: 0x7FFFEFE4
In clock cycle: 749
Memory Write to Addr: 0x7FFFEFB8 Val: 0x00400088
In clock cycle: 751
Register Write to Reg: 0x08 Val: 0x7FFFEFA4
In clock cycle: 754
Register Write to Reg: 0x05 Val: 0x00000003
In clock cycle: 755
Register Write to Reg: 0x06 Val: 0x00000004
In clock cycle: 759
Register Write to Reg: 0x07 Val: 0x00000007
In clock cycle: 762
Register Write to Reg: 0x07 Val: 0x00000003
In clock cycle: 764
Memory Write to Addr: 0x7FFFEFB0 Val: 0x00000003
In clock cycle: 766
Register Write to Reg: 0x0A Val: 0x10010000
In clock cycle: 767
Register Write to Reg: 0x0B Val: 0x00000003
In clock cycle: 768
Register Write to Reg: 0x0C Val: 0x00000003
In clock cycle: 769
Register Write to Reg: 0x01 Val: 0x00400070
In clock cycle: 773
Register Write to Reg: 0x02 Val: 0x7FFFEF8C
In clock cycle: 775
Memory Write to Addr: 0x7FFFEF8C Val: 0x10010000
In clock cycle: 776
Memory Write to Addr: 0x7FFFEF90 Val: 0x00000003
In clock cycle: 777
Memory Write to Addr: 0x7FFFEF94 Val: 0x00000003
In clock cycle: 778
Memory Write to Addr: 0x7FFFEF9C Val: 0x7FFFEFA4
In clock cycle: 779
Memory Write to Addr: 0x7FFFEFA0 Val: 0x00400070
In clock cycle: 781
Register Write to Reg: 0x08 Val: 0x7FFFEF8C
In clock cycle: 784
Register Write to Reg: 0x05 Val: 0x00000003
In clock cycle: 785
Register Write to Reg: 0x06 Val: 0x00000003
In clock cycle: 792
Register Write to Reg: 0x01 Val: 0x00400070
In clock cycle: 793
Register Write to Reg: 0x08 Val: 0x7FFFEFA4
In clock cycle: 794
Register Write to Reg: 0x02 Val: 0x7FFFEFA4
In clock cycle: 795
Register Write to Reg: 0x00 Val: 0x004000AC
In clock cycle: 799
Register Write to Reg: 0x07 Val: 0x00000003
In clock cycle: 802
Register Write to Reg: 0x07 Val: 0x00000004
In clock cycle: 803
Register Write to Reg: 0x0A Val: 0x10010000
In clock cycle: 805
Register Write to Reg: 0x0B Val: 0x00000004
In clock cycle: 806
Register Write to Reg: 0x0C Val: 0x00000004
In clock cycle: 807
Register Write to Reg: 0x01 Val: 0x00400088
In clock cycle: 811
Register Write to Reg: 0x02 Val: 0x7FFFEF8C
In clock cycle: 813
Memory Write to Addr: 0x7FFFEF8C Val: 0x10010000
In clock cycle: 814
Memory Write to Addr: 0x7FFFEF90 Val: 0x00000004
In clock cycle: 815
Memory Write to Addr: 0x7FFFEF94 Val: 0x00000004
In clock cycle: 816
Memory Write to Addr: 0x7FFFEF9C Val: 0x7FFFEFA4
In clock cycle: 817
Memory Write to Addr: 0x7FFFEFA0 Val: 0x00400088
In clock cycle: 819
Register Write to Reg: 0x08 Val: 0x7FFFEF8C
In clock cycle: 822
Register Write to Reg: 0x05 Val: 0x00000004
In clock cycle: 823
Register Write to Reg: 0x06 Val: 0x00000004
In clock cycle: 830
Register Write to Reg: 0x01 Val: 0x00400088
In clock cycle: 831
Register Write to Reg: 0x08 Val: 0x7FFFEFA4
In clock cycle: 832
Register Write to Reg: 0x02 Val: 0x7FFFEFA4
In clock cycle: 833
Register Write to Reg: 0x00 Val: 0x004000AC
In clock cycle: 837
Register Write to Reg: 0x0A Val: 0x10010000
In clock cycle: 838
Register Write to Reg: 0x0B Val: 0x00000003
In clock cycle: 839
Register Write to Reg: 0x0C Val: 0x00000003
In clock cycle: 840
Register Write to Reg: 0x0D Val: 0x00000004
In clock cycle: 841
Register Write to Reg: 0x01 Val: 0x0040009C
In clock cycle: 845
Register Write to Reg: 0x02 Val: 0x7FFFEF78
In clock cycle: 847
Memory Write to Addr: 0x7FFFEF78 Val: 0x10010000
In clock cycle: 848
Memory Write to Addr: 0x7FFFEF7C Val: 0x00000003
In clock cycle: 849
Memory Write to Addr: 0x7FFFEF80 Val: 0x00000003
In clock cycle: 850
Memory Write to Addr: 0x7FFFEF84 Val: 0x00000004
In clock cycle: 851
Memory Write to Addr: 0x7FFFEF90 Val: 0x7FFFEFA4
In clock cycle: 852
Memory Write to Addr: 0x7FFFEF94 Val: 0x0040009C
In clock cycle: 853
Memory Write to Addr: 0x7FFFEF98 Val: 0x7FFFEF80
In clock cycle: 854
Memory Write to Addr: 0x7FFFEF9C Val: 0x7FFFEF88
In clock cycle: 855
Memory Write to Addr: 0x7FFFEFA0 Val: 0x00000001
In clock cycle: 857
Register Write to Reg: 0x08 Val: 0x7FFFEF78
In clock cycle: 860
Register Write to Reg: 0x05 Val: 0x00000003
In clock cycle: 861
Register Write to Reg: 0x06 Val: 0x00000003
In clock cycle: 864
Register Write to Reg: 0x07 Val: 0x00000000
In clock cycle: 867
Register Write to Reg: 0x07 Val: 0x00000001
In clock cycle: 869
Memory Write to Addr: 0x7FFFEF88 Val: 0x00000001
In clock cycle: 871
Register Write to Reg: 0x1C Val: 0x00000004
In clock cycle: 872
Register Write to Reg: 0x05 Val: 0x00000003
In clock cycle: 875
Register Write to Reg: 0x1D Val: 0x00000001
In clock cycle: 877
Memory Write to Addr: 0x7FFFEF8C Val: 0x00000001
In clock cycle: 879
Register Write to Reg: 0x07 Val: 0x00000001
In clock cycle: 880
Register Write to Reg: 0x1D Val: 0x00000001
In clock cycle: 883
Register Write to Reg: 0x1E Val: 0x00000002
In clock cycle: 886
Register Write to Reg: 0x1F Val: 0x00000008
In clock cycle: 889
Register Write to Reg: 0x02 Val: 0x7FFFEF70
In clock cycle: 892
Register Write to Reg: 0x09 Val: 0x7FFFEF70
In clock cycle: 893
Register Write to Reg: 0x05 Val: 0x00000004
In clock cycle: 896
Register Write to Reg: 0x12 Val: 0x7FFFEF74
In clock cycle: 897
Register Write to Reg: 0x13 Val: 0x00000000
In clock cycle: 898
Register Write to Reg: 0x05 Val: 0x10010000
In clock cycle: 899
Register Write to Reg: 0x06 Val: 0x00000003
In clock cycle: 902
Register Write to Reg: 0x1C Val: 0x00000003
In clock cycle: 905
Register Write to Reg: 0x1C Val: 0x0000000C
In clock cycle: 908
Register Write to Reg: 0x1D Val: 0x1001000C
In clock cycle: 911
Register Write to Reg: 0x1E Val: 0x00000003
In clock cycle: 912
Register Write to Reg: 0x1F Val: 0x00000000
In clock cycle: 915
Register Write to Reg: 0x1D Val: 0x7FFFEF70
In clock cycle: 917
Memory Write to Addr: 0x7FFFEF70 Val: 0x00000003
In clock cycle: 919
Register Write to Reg: 0x13 Val: 0x00000001
In clock cycle: 920
Register Write to Reg: 0x00 Val: 0x00400150
In clock cycle: 928
Register Write to Reg: 0x13 Val: 0x00000000
In clock cycle: 929
Register Write to Reg: 0x05 Val: 0x10010000
In clock cycle: 930
Register Write to Reg: 0x06 Val: 0x00000003
In clock cycle: 933
Register Write to Reg: 0x06 Val: 0x00000004
In clock cycle: 934
Register Write to Reg: 0x1D Val: 0x00000001
In clock cycle: 938
Register Write to Reg: 0x1C Val: 0x00000004
In clock cycle: 941
Register Write to Reg: 0x1C Val: 0x00000010
In clock cycle: 944
Register Write to Reg: 0x1E Val: 0x10010010
In clock cycle: 947
Register Write to Reg: 0x1F Val: 0x00000009
In clock cycle: 948
Register Write to Reg: 0x1C Val: 0x00000000
In clock cycle: 951
Register Write to Reg: 0x1E Val: 0x7FFFEF74
In clock cycle: 953
Memory Write to Addr: 0x7FFFEF74 Val: 0x00000009
In clock cycle: 955
Register Write to Reg: 0x13 Val: 0x00000001
In clock cycle: 956
Register Write to Reg: 0x00 Val: 0x0040018C
In clock cycle: 964
Register Write to Reg: 0x1D Val: 0x00000000
In clock cycle: 965
Register Write to Reg: 0x1E Val: 0x00000000
In clock cycle: 966
Register Write to Reg: 0x1F Val: 0x00000003
In clock cycle: 967
Register Write to Reg: 0x05 Val: 0x10010000
In clock cycle: 968
Register Write to Reg: 0x07 Val: 0x00000001
In clock cycle: 969
Register Write to Reg: 0x1C Val: 0x00000001
In clock cycle: 973
Register Write to Reg: 0x0E Val: 0x00000000
In clock cycle: 976
Register Write to Reg: 0x0E Val: 0x7FFFEF70
In clock cycle: 979
Register Write to Reg: 0x0E Val: 0x00000003
In clock cycle: 980
Register Write to Reg: 0x0F Val: 0x00000000
In clock cycle: 983
Register Write to Reg: 0x0F Val: 0x7FFFEF74
In clock cycle: 986
Register Write to Reg: 0x0F Val: 0x00000009
In clock cycle: 993
Register Write to Reg: 0x0A Val: 0x0000000C
In clock cycle: 996
Register Write to Reg: 0x0A Val: 0x1001000C
In clock cycle: 998
Memory Write to Addr: 0x1001000C Val: 0x00000003
In clock cycle: 1000
Register Write to Reg: 0x1D Val: 0x00000001
In clock cycle: 1001
Register Write to Reg: 0x1F Val: 0x00000004
In clock cycle: 1004
Register Write to Reg: 0x00 Val: 0x004001F8
In clock cycle: 1013
Register Write to Reg: 0x0F Val: 0x00000000
In clock cycle: 1016
Register Write to Reg: 0x0F Val: 0x7FFFEF74
In clock cycle: 1019
Register Write to Reg: 0x0F Val: 0x00000009
In clock cycle: 1020
Register Write to Reg: 0x0A Val: 0x00000010
In clock cycle: 1023
Register Write to Reg: 0x0A Val: 0x10010010
In clock cycle: 1025
Memory Write to Addr: 0x10010010 Val: 0x00000009
In clock cycle: 1027
Register Write to Reg: 0x1E Val: 0x00000001
In clock cycle: 1028
Register Write to Reg: 0x1F Val: 0x00000005
In clock cycle: 1031
Register Write to Reg: 0x00 Val: 0x00400248
In clock cycle: 1039
Register Write to Reg: 0x07 Val: 0x00000001
In clock cycle: 1040
Register Write to Reg: 0x1C Val: 0x00000001
In clock cycle: 1043
Register Write to Reg: 0x1E Val: 0x00000002
In clock cycle: 1046
Register Write to Reg: 0x1F Val: 0x00000008
In clock cycle: 1049
Register Write to Reg: 0x02 Val: 0x7FFFEF78
In clock cycle: 1050
Register Write to Reg: 0x01 Val: 0x0040009C
In clock cycle: 1051
Register Write to Reg: 0x08 Val: 0x7FFFEFA4
In clock cycle: 1052
Register Write to Reg: 0x02 Val: 0x7FFFEF90
In clock cycle: 1053
Register Write to Reg: 0x00 Val: 0x0040026C
In clock cycle: 1057
Register Write to Reg: 0x01 Val: 0x00400088
In clock cycle: 1058
Register Write to Reg: 0x08 Val: 0x7FFFEFE4
In clock cycle: 1059
Register Write to Reg: 0x02 Val: 0x7FFFEFA8
In clock cycle: 1060
Register Write to Reg: 0x00 Val: 0x004000AC
In clock cycle: 1064
Register Write to Reg: 0x0A Val: 0x10010000
In clock cycle: 1065
Register Write to Reg: 0x0B Val: 0x00000000
In clock cycle: 1066
Register Write to Reg: 0x0C Val: 0x00000002
In clock cycle: 1067
Register Write to Reg: 0x0D Val: 0x00000004
In clock cycle: 1068
Register Write to Reg: 0x01 Val: 0x0040009C
In clock cycle: 1072
Register Write to Reg: 0x02 Val: 0x7FFFEF7C
In clock cycle: 1074
Memory Write to Addr: 0x7FFFEF7C Val: 0x10010000
In clock cycle: 1075
Memory Write to Addr: 0x7FFFEF80 Val: 0x00000000
In clock cycle: 1076
Memory Write to Addr: 0x7FFFEF84 Val: 0x00000002
In clock cycle: 1077
Memory Write to Addr: 0x7FFFEF88 Val: 0x00000004
In clock cycle: 1078
Memory Write to Addr: 0x7FFFEF94 Val: 0x7FFFEFE4
In clock cycle: 1079
Memory Write to Addr: 0x7FFFEF98 Val: 0x0040009C
In clock cycle: 1080
Memory Write to Addr: 0x7FFFEF9C Val: 0x7FFFEF70
In clock cycle: 1081
Memory Write to Addr: 0x7FFFEFA0 Val: 0x7FFFEF74
In clock cycle: 1082
Memory Write to Addr: 0x7FFFEFA4 Val: 0x00000001
In clock cycle: 1084
Register Write to Reg: 0x08 Val: 0x7FFFEF7C
In clock cycle: 1087
Register Write to Reg: 0x05 Val: 0x00000002
In clock cycle: 1088
Register Write to Reg: 0x06 Val: 0x00000000
In clock cycle: 1091
Register Write to Reg: 0x07 Val: 0x00000002
In clock cycle: 1094
Register Write to Reg: 0x07 Val: 0x00000003
In clock cycle: 1096
Memory Write to Addr: 0x7FFFEF8C Val: 0x00000003
In clock cycle: 1098
Register Write to Reg: 0x1C Val: 0x00000004
In clock cycle: 1099
Register Write to Reg: 0x05 Val: 0x00000002
In clock cycle: 1102
Register Write to Reg: 0x1D Val: 0x00000002
In clock cycle: 1104
Memory Write to Addr: 0x7FFFEF90 Val: 0x00000002
In clock cycle: 1106
Register Write to Reg: 0x07 Val: 0x00000003
In clock cycle: 1107
Register Write to Reg: 0x1D Val: 0x00000002
In clock cycle: 1110
Register Write to Reg: 0x1E Val: 0x00000005
In clock cycle: 1113
Register Write to Reg: 0x1F Val: 0x00000014
In clock cycle: 1116
Register Write to Reg: 0x02 Val: 0x7FFFEF68
In clock cycle: 1119
Register Write to Reg: 0x09 Val: 0x7FFFEF68
In clock cycle: 1120
Register Write to Reg: 0x05 Val: 0x0000000C
In clock cycle: 1123
Register Write to Reg: 0x12 Val: 0x7FFFEF74
In clock cycle: 1124
Register Write to Reg: 0x13 Val: 0x00000000
In clock cycle: 1125
Register Write to Reg: 0x05 Val: 0x10010000
In clock cycle: 1126
Register Write to Reg: 0x06 Val: 0x00000000
In clock cycle: 1129
Register Write to Reg: 0x1C Val: 0x00000000
In clock cycle: 1132
Register Write to Reg: 0x1C Val: 0x00000000
In clock cycle: 1135
Register Write to Reg: 0x1D Val: 0x10010000
In clock cycle: 1138
Register Write to Reg: 0x1E Val: 0x0000001B
In clock cycle: 1139
Register Write to Reg: 0x1F Val: 0x00000000
In clock cycle: 1142
Register Write to Reg: 0x1D Val: 0x7FFFEF68
In clock cycle: 1144
Memory Write to Addr: 0x7FFFEF68 Val: 0x0000001B
In clock cycle: 1146
Register Write to Reg: 0x13 Val: 0x00000001
In clock cycle: 1147
Register Write to Reg: 0x00 Val: 0x00400150
In clock cycle: 1152
Register Write to Reg: 0x1C Val: 0x00000001
In clock cycle: 1155
Register Write to Reg: 0x1C Val: 0x00000004
In clock cycle: 1158
Register Write to Reg: 0x1D Val: 0x10010004
In clock cycle: 1161
Register Write to Reg: 0x1E Val: 0x00000026
In clock cycle: 1162
Register Write to Reg: 0x1F Val: 0x00000004
In clock cycle: 1165
Register Write to Reg: 0x1D Val: 0x7FFFEF6C
In clock cycle: 1167
Memory Write to Addr: 0x7FFFEF6C Val: 0x00000026
In clock cycle: 1169
Register Write to Reg: 0x13 Val: 0x00000002
In clock cycle: 1170
Register Write to Reg: 0x00 Val: 0x00400150
In clock cycle: 1175
Register Write to Reg: 0x1C Val: 0x00000002
In clock cycle: 1178
Register Write to Reg: 0x1C Val: 0x00000008
In clock cycle: 1181
Register Write to Reg: 0x1D Val: 0x10010008
In clock cycle: 1184
Register Write to Reg: 0x1E Val: 0x0000002B
In clock cycle: 1185
Register Write to Reg: 0x1F Val: 0x00000008
In clock cycle: 1188
Register Write to Reg: 0x1D Val: 0x7FFFEF70
In clock cycle: 1190
Memory Write to Addr: 0x7FFFEF70 Val: 0x0000002B
In clock cycle: 1192
Register Write to Reg: 0x13 Val: 0x00000003
In clock cycle: 1193
Register Write to Reg: 0x00 Val: 0x00400150
In clock cycle: 1201
Register Write to Reg: 0x13 Val: 0x00000000
In clock cycle: 1202
Register Write to Reg: 0x05 Val: 0x10010000
In clock cycle: 1203
Register Write to Reg: 0x06 Val: 0x00000002
In clock cycle: 1206
Register Write to Reg: 0x06 Val: 0x00000003
In clock cycle: 1207
Register Write to Reg: 0x1D Val: 0x00000002
In clock cycle: 1211
Register Write to Reg: 0x1C Val: 0x00000003
In clock cycle: 1214
Register Write to Reg: 0x1C Val: 0x0000000C
In clock cycle: 1217
Register Write to Reg: 0x1E Val: 0x1001000C
In clock cycle: 1220
Register Write to Reg: 0x1F Val: 0x00000003
In clock cycle: 1221
Register Write to Reg: 0x1C Val: 0x00000000
In clock cycle: 1224
Register Write to Reg: 0x1E Val: 0x7FFFEF74
In clock cycle: 1226
Memory Write to Addr: 0x7FFFEF74 Val: 0x00000003
In clock cycle: 1228
Register Write to Reg: 0x13 Val: 0x00000001
In clock cycle: 1229
Register Write to Reg: 0x00 Val: 0x0040018C
In clock cycle: 1234
Register Write to Reg: 0x1C Val: 0x00000004
In clock cycle: 1237
Register Write to Reg: 0x1C Val: 0x00000010
In clock cycle: 1240
Register Write to Reg: 0x1E Val: 0x10010010
In clock cycle: 1243
Register Write to Reg: 0x1F Val: 0x00000009
In clock cycle: 1244
Register Write to Reg: 0x1C Val: 0x00000004
In clock cycle: 1247
Register Write to Reg: 0x1E Val: 0x7FFFEF78
In clock cycle: 1249
Memory Write to Addr: 0x7FFFEF78 Val: 0x00000009
In clock cycle: 1251
Register Write to Reg: 0x13 Val: 0x00000002
In clock cycle: 1252
Register Write to Reg: 0x00 Val: 0x0040018C
In clock cycle: 1260
Register Write to Reg: 0x1D Val: 0x00000000
In clock cycle: 1261
Register Write to Reg: 0x1E Val: 0x00000000
In clock cycle: 1262
Register Write to Reg: 0x1F Val: 0x00000000
In clock cycle: 1263
Register Write to Reg: 0x05 Val: 0x10010000
In clock cycle: 1264
Register Write to Reg: 0x07 Val: 0x00000003
In clock cycle: 1265
Register Write to Reg: 0x1C Val: 0x00000002
In clock cycle: 1269
Register Write to Reg: 0x0E Val: 0x00000000
In clock cycle: 1272
Register Write to Reg: 0x0E Val: 0x7FFFEF68
In clock cycle: 1275
Register Write to Reg: 0x0E Val: 0x0000001B
In clock cycle: 1276
Register Write to Reg: 0x0F Val: 0x00000000
In clock cycle: 1279
Register Write to Reg: 0x0F Val: 0x7FFFEF74
In clock cycle: 1282
Register Write to Reg: 0x0F Val: 0x00000003
In clock cycle: 1286
Register Write to Reg: 0x0A Val: 0x00000000
In clock cycle: 1289
Register Write to Reg: 0x0A Val: 0x10010000
In clock cycle: 1291
Memory Write to Addr: 0x10010000 Val: 0x00000003
In clock cycle: 1293
Register Write to Reg: 0x1E Val: 0x00000001
In clock cycle: 1294
Register Write to Reg: 0x1F Val: 0x00000001
In clock cycle: 1297
Register Write to Reg: 0x00 Val: 0x004001E0
In clock cycle: 1303
Register Write to Reg: 0x0E Val: 0x00000000
In clock cycle: 1306
Register Write to Reg: 0x0E Val: 0x7FFFEF68
In clock cycle: 1309
Register Write to Reg: 0x0E Val: 0x0000001B
In clock cycle: 1310
Register Write to Reg: 0x0F Val: 0x00000004
In clock cycle: 1313
Register Write to Reg: 0x0F Val: 0x7FFFEF78
In clock cycle: 1316
Register Write to Reg: 0x0F Val: 0x00000009
In clock cycle: 1320
Register Write to Reg: 0x0A Val: 0x00000004
In clock cycle: 1323
Register Write to Reg: 0x0A Val: 0x10010004
In clock cycle: 1325
Memory Write to Addr: 0x10010004 Val: 0x00000009
In clock cycle: 1327
Register Write to Reg: 0x1E Val: 0x00000002
In clock cycle: 1328
Register Write to Reg: 0x1F Val: 0x00000002
In clock cycle: 1331
Register Write to Reg: 0x00 Val: 0x004001E0
In clock cycle: 1341
Register Write to Reg: 0x0E Val: 0x00000000
In clock cycle: 1344
Register Write to Reg: 0x0E Val: 0x7FFFEF68
In clock cycle: 1347
Register Write to Reg: 0x0E Val: 0x0000001B
In clock cycle: 1348
Register Write to Reg: 0x0A Val: 0x00000008
In clock cycle: 1351
Register Write to Reg: 0x0A Val: 0x10010008
In clock cycle: 1353
Memory Write to Addr: 0x10010008 Val: 0x0000001B
In clock cycle: 1355
Register Write to Reg: 0x1D Val: 0x00000001
In clock cycle: 1356
Register Write to Reg: 0x1F Val: 0x00000003
In clock cycle: 1359
Register Write to Reg: 0x00 Val: 0x00400220
In clock cycle: 1364
Register Write to Reg: 0x0E Val: 0x00000004
In clock cycle: 1367
Register Write to Reg: 0x0E Val: 0x7FFFEF6C
In clock cycle: 1370
Register Write to Reg: 0x0E Val: 0x00000026
In clock cycle: 1371
Register Write to Reg: 0x0A Val: 0x0000000C
In clock cycle: 1374
Register Write to Reg: 0x0A Val: 0x1001000C
In clock cycle: 1376
Memory Write to Addr: 0x1001000C Val: 0x00000026
In clock cycle: 1378
Register Write to Reg: 0x1D Val: 0x00000002
In clock cycle: 1379
Register Write to Reg: 0x1F Val: 0x00000004
In clock cycle: 1382
Register Write to Reg: 0x00 Val: 0x00400220
In clock cycle: 1387
Register Write to Reg: 0x0E Val: 0x00000008
In clock cycle: 1390
Register Write to Reg: 0x0E Val: 0x7FFFEF70
In clock cycle: 1393
Register Write to Reg: 0x0E Val: 0x0000002B
In clock cycle: 1394
Register Write to Reg: 0x0A Val: 0x00000010
In clock cycle: 1397
Register Write to Reg: 0x0A Val: 0x10010010
In clock cycle: 1399
Memory Write to Addr: 0x10010010 Val: 0x0000002B
In clock cycle: 1401
Register Write to Reg: 0x1D Val: 0x00000003
In clock cycle: 1402
Register Write to Reg: 0x1F Val: 0x00000005
In clock cycle: 1405
Register Write to Reg: 0x00 Val: 0x00400220
In clock cycle: 1413
Register Write to Reg: 0x07 Val: 0x00000003
In clock cycle: 1414
Register Write to Reg: 0x1C Val: 0x00000002
In clock cycle: 1417
Register Write to Reg: 0x1E Val: 0x00000005
In clock cycle: 1420
Register Write to Reg: 0x1F Val: 0x00000014
In clock cycle: 1423
Register Write to Reg: 0x02 Val: 0x7FFFEF7C
In clock cycle: 1424
Register Write to Reg: 0x01 Val: 0x0040009C
In clock cycle: 1425
Register Write to Reg: 0x08 Val: 0x7FFFEFE4
In clock cycle: 1426
Register Write to Reg: 0x02 Val: 0x7FFFEF94
In clock cycle: 1427
Register Write to Reg: 0x00 Val: 0x0040026C
In clock cycle: 1431
Register Write to Reg: 0x01 Val: 0x00400024
In clock cycle: 1432
Register Write to Reg: 0x08 Val: 0x00000000
In clock cycle: 1433
Register Write to Reg: 0x02 Val: 0x7FFFEFAC
In clock cycle: 1434
Register Write to Reg: 0x00 Val: 0x004000AC
In clock cycle: 1438
Register Write to Reg: 0x11 Val: 0x0000000A
In clock cycle: 1439
Register Write to Reg: 0x00 Val: 0x0040002C
Execution is stopping! Clock Cycle: 1443
