In clock cycle: 3
Register Write to Reg: 0x05 Val: 0x00000005
In clock cycle: 4
Register Write to Reg: 0x06 Val: 0x00000002
In clock cycle: 7
Register Write to Reg: 0x0A Val: 0x00000014
In clock cycle: 8
Register Write to Reg: 0x05 Val: 0x00000007
In clock cycle: 9
Register Write to Reg: 0x06 Val: 0x00000004
In clock cycle: 12
Register Write to Reg: 0x0D Val: 0x00000070
In clock cycle: 13
Register Write to Reg: 0x05 Val: 0x00000001
In clock cycle: 14
Register Write to Reg: 0x06 Val: 0x0000000A
In clock cycle: 17
Register Write to Reg: 0x0E Val: 0x00000400
In clock cycle: 18
Register Write to Reg: 0x05 Val: 0x00000005
In clock cycle: 19
Register Write to Reg: 0x06 Val: 0x00000000
In clock cycle: 22
Register Write to Reg: 0x0B Val: 0x00000005
In clock cycle: 23
Register Write to Reg: 0x05 Val: 0x00000000
In clock cycle: 24
Register Write to Reg: 0x06 Val: 0x0000000A
In clock cycle: 27
Register Write to Reg: 0x0C Val: 0x00000000
Execution is stopping! Clock Cycle: 28
