In clock cycle: 3
Register Write to Reg: 0x17 Val: 0x00000000
In clock cycle: 4
Register Write to Reg: 0x05 Val: 0x80000000
In clock cycle: 5
Register Write to Reg: 0x06 Val: 0xFFFFFFFF
In clock cycle: 8
Register Write to Reg: 0x1C Val: 0x7FFFFFFF
In clock cycle: 11
Register Write to Reg: 0x1D Val: 0xFFFFFFFF
In clock cycle: 14
Register Write to Reg: 0x1E Val: 0x00000000
In clock cycle: 17
Register Write to Reg: 0x17 Val: 0x00000000
In clock cycle: 18
Register Write to Reg: 0x09 Val: 0x00000000
In clock cycle: 21
Register Write to Reg: 0x09 Val: 0x80000000
In clock cycle: 24
Register Write to Reg: 0x12 Val: 0x00000000
In clock cycle: 27
Register Write to Reg: 0x17 Val: 0x00000000
In clock cycle: 28
Register Write to Reg: 0x13 Val: 0x00000000
In clock cycle: 31
Register Write to Reg: 0x13 Val: 0x7FFFFFFF
In clock cycle: 34
Register Write to Reg: 0x14 Val: 0x00000000
In clock cycle: 37
Register Write to Reg: 0x17 Val: 0x00000000
In clock cycle: 38
Register Write to Reg: 0x15 Val: 0xFFFFFFFF
In clock cycle: 41
Register Write to Reg: 0x16 Val: 0x00000000
In clock cycle: 44
Register Write to Reg: 0x17 Val: 0x00000000
In clock cycle: 47
Register Write to Reg: 0x03 Val: 0x00000000
Execution is stopping! Clock Cycle: 48
