[inst #1] lui x5,65552
Register Write to Reg: 0x05 Val: 0x10010000
[inst #2] addi x0,x0,0
Register Write to Reg: 0x00 Val: 0x00000000
[inst #3] addi x0,x0,0
Register Write to Reg: 0x00 Val: 0x00000000
[inst #4] addi x0,x0,0
Register Write to Reg: 0x00 Val: 0x00000000
[inst #5] addi x5,x5,0
Register Write to Reg: 0x05 Val: 0x10010000
[inst #6] addi x0,x0,0
Register Write to Reg: 0x00 Val: 0x00000000
[inst #7] addi x0,x0,0
Register Write to Reg: 0x00 Val: 0x00000000
[inst #8] addi x0,x0,0
Register Write to Reg: 0x00 Val: 0x00000000
[inst #9] lw x1,0(x5)
Register Write to Reg: 0x01 Val: 0x12345678
[inst #10] addi x0,x0,0
Register Write to Reg: 0x00 Val: 0x00000000
[inst #11] addi x0,x0,0
Register Write to Reg: 0x00 Val: 0x00000000
[inst #12] addi x0,x0,0
Register Write to Reg: 0x00 Val: 0x00000000
[inst #13] lw x2,0(x5)
Register Write to Reg: 0x02 Val: 0x12345678
[inst #14] addi x0,x0,0
Register Write to Reg: 0x00 Val: 0x00000000
[inst #15] addi x0,x0,0
Register Write to Reg: 0x00 Val: 0x00000000
[inst #16] addi x0,x0,0
Register Write to Reg: 0x00 Val: 0x00000000
[inst #17] lw x3,0(x5)
Register Write to Reg: 0x03 Val: 0x12345678
[inst #18] addi x0,x0,0
Register Write to Reg: 0x00 Val: 0x00000000
[inst #19] addi x0,x0,0
Register Write to Reg: 0x00 Val: 0x00000000
[inst #20] addi x0,x0,0
Register Write to Reg: 0x00 Val: 0x00000000
[inst #21] lw x4,0(x5)
Register Write to Reg: 0x04 Val: 0x12345678
[inst #22] addi x28,x4,5
Register Write to Reg: 0x1C Val: 0x1234567D
[inst #23] lw x6,0(x5)
Register Write to Reg: 0x06 Val: 0x12345678
[inst #24] lw x7,0(x5)
Register Write to Reg: 0x07 Val: 0x12345678
[inst #25] lw x8,0(x5)
Register Write to Reg: 0x08 Val: 0x12345678
[inst #26] lw x9,0(x5)
Register Write to Reg: 0x09 Val: 0x12345678
[inst #27] lw x10,0(x5)
Register Write to Reg: 0x0A Val: 0x12345678
[inst #28] lw x11,0(x5)
Register Write to Reg: 0x0B Val: 0x12345678
[inst #29] lw x12,0(x5)
Register Write to Reg: 0x0C Val: 0x12345678
[inst #30] lw x13,0(x5)
Register Write to Reg: 0x0D Val: 0x12345678
[inst #31] lw x14,0(x5)
Register Write to Reg: 0x0E Val: 0x12345678
[inst #32] lw x15,0(x5)
Register Write to Reg: 0x0F Val: 0x12345678
[inst #33] lw x16,0(x5)
Register Write to Reg: 0x10 Val: 0x12345678
[inst #34] lw x17,0(x5)
Register Write to Reg: 0x11 Val: 0x12345678
[inst #35] lw x18,0(x5)
Register Write to Reg: 0x12 Val: 0x12345678
[inst #36] lw x19,0(x5)
Register Write to Reg: 0x13 Val: 0x12345678
[inst #37] lw x20,0(x5)
Register Write to Reg: 0x14 Val: 0x12345678
[inst #38] lw x21,0(x5)
Register Write to Reg: 0x15 Val: 0x12345678
[inst #39] lw x22,0(x5)
Register Write to Reg: 0x16 Val: 0x12345678
[inst #40] lw x23,0(x5)
Register Write to Reg: 0x17 Val: 0x12345678
[inst #41] lw x24,0(x5)
Register Write to Reg: 0x18 Val: 0x12345678
[inst #42] lw x25,0(x5)
Register Write to Reg: 0x19 Val: 0x12345678
[inst #43] lw x26,0(x5)
Register Write to Reg: 0x1A Val: 0x12345678
[inst #44] lw x27,0(x5)
Register Write to Reg: 0x1B Val: 0x12345678
[inst #45] lw x28,0(x5)
Register Write to Reg: 0x1C Val: 0x12345678
[inst #46] lw x29,0(x5)
Register Write to Reg: 0x1D Val: 0x12345678
[inst #47] lw x30,0(x5)
Register Write to Reg: 0x1E Val: 0x12345678
[inst #48] lw x31,0(x5)
Register Write to Reg: 0x1F Val: 0x12345678
[inst #49] lw x5,0(x5)
Register Write to Reg: 0x05 Val: 0x12345678
[inst #50] wfi 

Program terminated by dropping off the bottom.
