In clock cycle: 3
Register Write to Reg: 0x01 Val: 0x00000064
In clock cycle: 4
Register Write to Reg: 0x02 Val: 0x00000064
In clock cycle: 5
Register Write to Reg: 0x05 Val: 0x00000000
In clock cycle: 11
Register Write to Reg: 0x01 Val: 0x00000065
In clock cycle: 18
Register Write to Reg: 0x02 Val: 0x00000066
In clock cycle: 22
Register Write to Reg: 0x05 Val: 0x00000001
In clock cycle: 23
Register Write to Reg: 0x01 Val: 0xFFFFFFFF
In clock cycle: 30
Register Write to Reg: 0x01 Val: 0x00000064
In clock cycle: 31
Register Write to Reg: 0x02 Val: 0xFFFFFFFF
In clock cycle: 35
Register Write to Reg: 0x05 Val: 0x00000002
In clock cycle: 36
Register Write to Reg: 0x01 Val: 0x00001000
In clock cycle: 39
Register Write to Reg: 0x01 Val: 0x00000FFF
In clock cycle: 40
Register Write to Reg: 0x02 Val: 0x00001000
In clock cycle: 43
Register Write to Reg: 0x02 Val: 0x00000FFF
In clock cycle: 50
Register Write to Reg: 0x01 Val: 0x00001000
In clock cycle: 53
Register Write to Reg: 0x01 Val: 0x00000FFF
In clock cycle: 54
Register Write to Reg: 0x02 Val: 0x00001000
In clock cycle: 57
Register Write to Reg: 0x02 Val: 0x00000FFF
In clock cycle: 64
Register Write to Reg: 0x01 Val: 0x00000000
In clock cycle: 68
Register Write to Reg: 0x05 Val: 0x00000003
Execution is stopping! Clock Cycle: 71
