QuestaSim-64 vcom 2025.1_2 Compiler 2025.04 Apr  7 2025
Start time: 18:10:46 on Dec 02,2025
vcom -2008 -work internal/ModelSimContainer/work proj/src/RISCV_types.vhd internal/testpy/tb.vhd proj/src/reg_array.vhd proj/src/RISCV_types.vhd proj/src/TopLevel/RISCV_Processor.vhd proj/src/TopLevel/mem.vhd proj/src/Components/PipelineRegister_logic.vhd proj/src/Components/and_32bit.vhd proj/src/Components/Control_Unit_2.0.vhd proj/src/Components/nor_32t1bit.vhd proj/src/Components/n-bit_adder.vhd proj/src/Components/RISCV_types.vhd proj/src/Components/falling_dffg.vhd proj/src/Components/nbit-register.vhd proj/src/Components/PipelineRegister.vhd proj/src/Components/mux2t1.vhd proj/src/Components/nBit_ALU.vhd proj/src/Components/memSlicer.vhd proj/src/Components/pc_dffg.vhd proj/src/Components/invg.vhd proj/src/Components/EXMEMRegister.vhd proj/src/Components/decoder5to32.vhd proj/src/Components/full_reg_file.vhd proj/src/Components/mux4t1 .vhd proj/src/Components/mux2t1_dataflow.vhd proj/src/Components/adder-subtractor.vhd proj/src/Components/goblinBarrel.vhd proj/src/Components/mux4by32.vhd proj/src/Components/xorg2.vhd proj/src/Components/bitExtender.vhd proj/src/Components/dffg.vhd proj/src/Components/org2.vhd proj/src/Components/mux32x4t1.vhd proj/src/Components/andg2.vhd proj/src/Components/mux2t1_N.vhd proj/src/Components/norg2.vhd proj/src/Components/zeroExtender_1to32.vhd proj/src/Components/or_32bit.vhd proj/src/Components/onescomp.vhd proj/src/Components/hazardDetectionUnit.vhd proj/src/Components/adder.vhd proj/src/Components/ones_complementor.vhd proj/src/Components/xor_32bit.vhd proj/src/Components/PC-register.vhd proj/src/Components/ALUUnit.vhd proj/src/Components/IDEXRegister.vhd proj/src/Components/mux_32by32.vhd 
-- Loading package STANDARD
-- Loading package TEXTIO
-- Loading package std_logic_1164
-- Compiling package RISCV_types
-- Compiling package body RISCV_types
-- Loading package RISCV_types
-- Loading package std_logic_textio
-- Loading package ENV
-- Compiling entity tb
-- Compiling architecture mixed of tb
-- Compiling package reg_array
** Warning: proj/src/RISCV_types.vhd(15): (vcom-1615) Existing package 'RISCV_types' at line 18 will be overwritten.
-- Compiling package RISCV_types
** Warning: proj/src/RISCV_types.vhd(33): (vcom-1615) Existing package body 'RISCV_types(body)' at line 33 will be overwritten.
-- Compiling package body RISCV_types
-- Loading package RISCV_types
-- Loading package RISCV_types
-- Loading package reg_array
-- Compiling entity RISCV_Processor
-- Compiling architecture structure of RISCV_Processor
** Error (suppressible): proj/src/TopLevel/RISCV_Processor.vhd(676): (vcom-1272) Length of formal "rs1_IDEX" is 5; length of actual is 32.
** Error (suppressible): proj/src/TopLevel/RISCV_Processor.vhd(677): (vcom-1272) Length of formal "rs2_IDEX" is 5; length of actual is 32.
** Error: proj/src/TopLevel/RISCV_Processor.vhd(682): (vcom-1035) Formal port "branch_taken" has OPEN or no actual associated with it.
** Note: proj/src/TopLevel/RISCV_Processor.vhd(1085): VHDL Compiler exiting
End time: 18:10:46 on Dec 02,2025, Elapsed time: 0:00:00
Errors: 3, Warnings: 2
