In clock cycle: 3
Register Write to Reg: 0x05 Val: 0xDEADC000
In clock cycle: 6
Register Write to Reg: 0x05 Val: 0xDEADBEEF
In clock cycle: 9
Register Write to Reg: 0x06 Val: 0x00000000
In clock cycle: 10
Register Write to Reg: 0x07 Val: 0x1001000C
In clock cycle: 13
Register Write to Reg: 0x07 Val: 0x10010000
In clock cycle: 15
Memory Write to Addr: 0x10010000 Val: 0x00000000
In clock cycle: 17
Register Write to Reg: 0x05 Val: 0xCAFEC000
In clock cycle: 20
Register Write to Reg: 0x05 Val: 0xCAFEBABE
In clock cycle: 23
Register Write to Reg: 0x06 Val: 0xCAFEBABE
In clock cycle: 24
Register Write to Reg: 0x07 Val: 0x10010024
In clock cycle: 27
Register Write to Reg: 0x07 Val: 0x10010004
In clock cycle: 29
Memory Write to Addr: 0x10010004 Val: 0xCAFEBABE
In clock cycle: 31
Register Write to Reg: 0x1C Val: 0x00000000
In clock cycle: 34
Register Write to Reg: 0x07 Val: 0x10010034
In clock cycle: 37
Register Write to Reg: 0x07 Val: 0x10010008
In clock cycle: 39
Memory Write to Addr: 0x10010008 Val: 0x00000000
Execution is stopping! Clock Cycle: 41
